C:\Program Files\Microsoft Visual Studio\2022\Community\MSBuild\Microsoft\VC\v170\Microsoft.CppBuild.targets(541,5): warning MSB8029: The Intermediate directory or Output directory cannot reside under the Temporary directory as it could lead to issues with incremental build.
  Accelerometer.cpp
  Altimeter.cpp
  Brake.cpp
  Camera.cpp
  Compass.cpp
  Connector.cpp
  Device.cpp
  Display.cpp
  DistanceSensor.cpp
  Emitter.cpp
  Field.cpp
  GPS.cpp
  Gyro.cpp
  InertialUnit.cpp
  Joystick.cpp
  Keyboard.cpp
  LED.cpp
  Lidar.cpp
  LightSensor.cpp
  Motion.cpp
  Compiling...
  Motor.cpp
  Mouse.cpp
  Node.cpp
  Pen.cpp
  PositionSensor.cpp
  Radar.cpp
  RangeFinder.cpp
  Receiver.cpp
  Robot.cpp
  Skin.cpp
  Speaker.cpp
  Supervisor.cpp
  TouchSensor.cpp
  VacuumGripper.cpp
  controllercppversion.cpp
  Generating code
  Previous IPDB not found, fall back to full compilation.
  All 442 functions were compiled because no usable IPDB/IOBJ from previous compilation was found.
  Finished generating code
  controllercppversion.vcxproj -> C:\Users\corde\OneDrive - St Paul's Girls' School\Documents\A-level\CT EPQ\mavic\controllers\controllercppversion\controllercppversion.exe
